// Jest Snapshot v1, https://goo.gl/fbAQLP

exports[` debe de mostrarse correctamente 1`] = `
<ul>
  <TodoListItem
    desc="Aprender React"
    done={false}
    handleDelete={[MockFunction]}
    handleToogle={[MockFunction]}
    id={1}
    index={0}
    key="1"
  />
  <TodoListItem
    desc="Aprender Mongo"
    done={false}
    handleDelete={[MockFunction]}
    handleToogle={[MockFunction]}
    id={2}
    index={1}
    key="2"
  />
</ul>
`;
